[1/4] Building gap list...
   1 ticker(s) with gaps.
     LW     last=2026-04-01  audio=False  transcript=True  ir=(empty)

[2/4] Scraping...

   [LW] target=2026-04-01
     [generic] start=https://www.lambweston.com
     [generic] IR via URL pattern: https://investors.lambweston.com/
     [generic] candidate pages: 7
        · https://investors.lambweston.com/news-events/events-and-presentations
        · https://investors.lambweston.com/news-events/news-releases
        · https://investors.lambweston.com/news-releases/news-release-details/lamb-weston-announce-fiscal-year-2026-third-quarter-financial
        · https://investors.lambweston.com/financial-information/sec-filings
        · https://investors.lambweston.com/news-releases/news-release-details/lamb-weston-announces-inducement-award-under-nyse-listing-rule-0
        · https://investors.lambweston.com/financial-information/quarterly-results
        · https://investors.lambweston.com/
     [generic] IR-home fast-path: https://investors.lambweston.com/
     [generic] PDFs found: ['presentation', 'press_release']
     [audio] no audio on current page; drilling into https://investors.lambweston.com/events/event-details/fiscal-2026-third-quarter-earnings-call
     [audio] west_intrado: sniffing HLS from https://event.webcasts.com/starthere.jsp?ei=1752107&tp_key=ecc7aba444
     [audio] west_intrado: no HLS URL captured
     ✓ presentation: LW_2026-04-01_presentation.pdf
     ✓ press_release: LW_2026-04-01_press_release.pdf

[3/4] Skipping transcription (--no-transcribe).

Summary: 2 artifact(s), 0 error(s), 1 ticker(s) attempted.
Gap report: C:\Users\rodin\Desktop\Brain\Knowledge\IR Scraper Gap Report.md

[4/4] Refreshing Consumer Staples Earnings Calendar...
Ensuring Sources subfolders for 33 tickers...
Fetching earnings dates for 33 tickers...
  [1/33] PG...
  [2/33] COST...
  [3/33] WMT...
  [4/33] KO...
  [5/33] PEP...
  [6/33] PM...
  [7/33] MO...
  [8/33] MDLZ...
  [9/33] CL...
  [10/33] TGT...
  [11/33] KMB...
  [12/33] GIS...
  [13/33] SYY...
  [14/33] KR...
  [15/33] STZ...
  [16/33] HSY...
  [17/33] KDP...
  [18/33] MNST...
  [19/33] EL...
  [20/33] TSN...
  [21/33] ADM...
  [22/33] CHD...
  [23/33] CAG...
  [24/33] CLX...
  [25/33] SJM...
  [26/33] HRL...
  [27/33] MKC...
  [28/33] LW...
  [29/33] BG...
  [30/33] DLTR...
  [31/33] DG...
  [32/33] BF-B...
  [33/33] CELH...
Wrote C:\Users\rodin\Desktop\Brain\Knowledge\Consumer Staples Earnings Calendar.md — next: 33/33, last: 33/33, audio: 3/33, transcripts: 31/33.
